e: file:///C:/Users/Diganta1/AndroidStudioProjects/LinkSheet/app/build.gradle.kts:116:6: Expecting '}'
e: file:///C:/Users/Diganta1/AndroidStudioProjects/LinkSheet/app/build.gradle.kts:98:17: Unresolved reference. None of the following candidates is applicable because of receiver type mismatch: 
public fun Configuration.exclude(group: String? = ..., module: String? = ...): Configuration defined in org.gradle.kotlin.dsl
e: file:///C:/Users/Diganta1/AndroidStudioProjects/LinkSheet/app/build.gradle.kts:99:17: Unresolved reference. None of the following candidates is applicable because of receiver type mismatch: 
public fun Configuration.exclude(group: String? = ..., module: String? = ...): Configuration defined in org.gradle.kotlin.dsl
e: file:///C:/Users/Diganta1/AndroidStudioProjects/LinkSheet/app/build.gradle.kts:100:17: Unresolved reference. None of the following candidates is applicable because of receiver type mismatch: 
public fun Configuration.exclude(group: String? = ..., module: String? = ...): Configuration defined in org.gradle.kotlin.dsl
e: file:///C:/Users/Diganta1/AndroidStudioProjects/LinkSheet/app/build.gradle.kts:101:17: Unresolved reference. None of the following candidates is applicable because of receiver type mismatch: 
public fun Configuration.exclude(group: String? = ..., module: String? = ...): Configuration defined in org.gradle.kotlin.dsl
e: file:///C:/Users/Diganta1/AndroidStudioProjects/LinkSheet/app/build.gradle.kts:102:17: Unresolved reference. None of the following candidates is applicable because of receiver type mismatch: 
public fun Configuration.exclude(group: String? = ..., module: String? = ...): Configuration defined in org.gradle.kotlin.dsl
e: file:///C:/Users/Diganta1/AndroidStudioProjects/LinkSheet/app/build.gradle.kts:103:17: Unresolved reference. None of the following candidates is applicable because of receiver type mismatch: 
public fun Configuration.exclude(group: String? = ..., module: String? = ...): Configuration defined in org.gradle.kotlin.dsl
e: file:///C:/Users/Diganta1/AndroidStudioProjects/LinkSheet/app/build.gradle.kts:104:17: Unresolved reference. None of the following candidates is applicable because of receiver type mismatch: 
public fun Configuration.exclude(group: String? = ..., module: String? = ...): Configuration defined in org.gradle.kotlin.dsl
e: file:///C:/Users/Diganta1/AndroidStudioProjects/LinkSheet/app/build.gradle.kts:105:17: Unresolved reference. None of the following candidates is applicable because of receiver type mismatch: 
public fun Configuration.exclude(group: String? = ..., module: String? = ...): Configuration defined in org.gradle.kotlin.dsl
e: file:///C:/Users/Diganta1/AndroidStudioProjects/LinkSheet/app/build.gradle.kts:106:17: Unresolved reference. None of the following candidates is applicable because of receiver type mismatch: 
public fun Configuration.exclude(group: String? = ..., module: String? = ...): Configuration defined in org.gradle.kotlin.dsl
e: file:///C:/Users/Diganta1/AndroidStudioProjects/LinkSheet/app/build.gradle.kts:107:17: Unresolved reference. None of the following candidates is applicable because of receiver type mismatch: 
public fun Configuration.exclude(group: String? = ..., module: String? = ...): Configuration defined in org.gradle.kotlin.dsl
e: file:///C:/Users/Diganta1/AndroidStudioProjects/LinkSheet/app/build.gradle.kts:108:17: Unresolved reference. None of the following candidates is applicable because of receiver type mismatch: 
public fun Configuration.exclude(group: String? = ..., module: String? = ...): Configuration defined in org.gradle.kotlin.dsl
e: file:///C:/Users/Diganta1/AndroidStudioProjects/LinkSheet/app/build.gradle.kts:109:17: Unresolved reference. None of the following candidates is applicable because of receiver type mismatch: 
public fun Configuration.exclude(group: String? = ..., module: String? = ...): Configuration defined in org.gradle.kotlin.dsl
e: file:///C:/Users/Diganta1/AndroidStudioProjects/LinkSheet/app/build.gradle.kts:110:17: Unresolved reference. None of the following candidates is applicable because of receiver type mismatch: 
public fun Configuration.exclude(group: String? = ..., module: String? = ...): Configuration defined in org.gradle.kotlin.dsl
e: file:///C:/Users/Diganta1/AndroidStudioProjects/LinkSheet/app/build.gradle.kts:111:17: Unresolved reference. None of the following candidates is applicable because of receiver type mismatch: 
public fun Configuration.exclude(group: String? = ..., module: String? = ...): Configuration defined in org.gradle.kotlin.dsl
e: file:///C:/Users/Diganta1/AndroidStudioProjects/LinkSheet/app/build.gradle.kts:112:17: Unresolved reference. None of the following candidates is applicable because of receiver type mismatch: 
public fun Configuration.exclude(group: String? = ..., module: String? = ...): Configuration defined in org.gradle.kotlin.dsl
e: file:///C:/Users/Diganta1/AndroidStudioProjects/LinkSheet/app/build.gradle.kts:113:17: Unresolved reference. None of the following candidates is applicable because of receiver type mismatch: 
public fun Configuration.exclude(group: String? = ..., module: String? = ...): Configuration defined in org.gradle.kotlin.dsl

FAILURE: Build failed with an exception.

* Where:
Build file 'C:\Users\Diganta1\AndroidStudioProjects\LinkSheet\app\build.gradle.kts' line: 98

* What went wrong:
Script compilation errors:

  Line 098:                 exclude("fe/linksheet/composable/page/settings/**")
                            ^ Unresolved reference. None of the following candidates is applicable because of receiver type mismatch: 
                                public fun Configuration.exclude(group: String? = ..., module: String? = ...): Configuration defined in org.gradle.kotlin.dsl

  Line 099:                 exclude("fe/linksheet/activity/bottomsheet/**")
                            ^ Unresolved reference. None of the following candidates is applicable because of receiver type mismatch: 
                                public fun Configuration.exclude(group: String? = ..., module: String? = ...): Configuration defined in org.gradle.kotlin.dsl

  Line 100:                 exclude("fe/linksheet/activity/bottomsheet/**")
                            ^ Unresolved reference. None of the following candidates is applicable because of receiver type mismatch: 
                                public fun Configuration.exclude(group: String? = ..., module: String? = ...): Configuration defined in org.gradle.kotlin.dsl

  Line 101:                 exclude("fe/linksheet/activity/bottomsheet/**")
                            ^ Unresolved reference. None of the following candidates is applicable because of receiver type mismatch: 
                                public fun Configuration.exclude(group: String? = ..., module: String? = ...): Configuration defined in org.gradle.kotlin.dsl

  Line 102:                 exclude("fe/linksheet/activity/bottomsheet/**")
                            ^ Unresolved reference. None of the following candidates is applicable because of receiver type mismatch: 
                                public fun Configuration.exclude(group: String? = ..., module: String? = ...): Configuration defined in org.gradle.kotlin.dsl

  Line 103:                 exclude("fe/linksheet/activity/bottomsheet/**")
                            ^ Unresolved reference. None of the following candidates is applicable because of receiver type mismatch: 
                                public fun Configuration.exclude(group: String? = ..., module: String? = ...): Configuration defined in org.gradle.kotlin.dsl

  Line 104:                 exclude("fe/linksheet/activity/bottomsheet/**")
                            ^ Unresolved reference. None of the following candidates is applicable because of receiver type mismatch: 
                                public fun Configuration.exclude(group: String? = ..., module: String? = ...): Configuration defined in org.gradle.kotlin.dsl

  Line 105:                 exclude("fe/linksheet/activity/bottomsheet/**")
                            ^ Unresolved reference. None of the following candidates is applicable because of receiver type mismatch: 
                                public fun Configuration.exclude(group: String? = ..., module: String? = ...): Configuration defined in org.gradle.kotlin.dsl

  Line 106:                 exclude("fe/linksheet/activity/bottomsheet/**")
                            ^ Unresolved reference. None of the following candidates is applicable because of receiver type mismatch: 
                                public fun Configuration.exclude(group: String? = ..., module: String? = ...): Configuration defined in org.gradle.kotlin.dsl

  Line 107:                 exclude("fe/linksheet/activity/bottomsheet/**")
                            ^ Unresolved reference. None of the following candidates is applicable because of receiver type mismatch: 
                                public fun Configuration.exclude(group: String? = ..., module: String? = ...): Configuration defined in org.gradle.kotlin.dsl

  Line 108:                 exclude("fe/linksheet/activity/bottomsheet/**")
                            ^ Unresolved reference. None of the following candidates is applicable because of receiver type mismatch: 
                                public fun Configuration.exclude(group: String? = ..., module: String? = ...): Configuration defined in org.gradle.kotlin.dsl

  Line 109:                 exclude("fe/linksheet/activity/bottomsheet/**")
                            ^ Unresolved reference. None of the following candidates is applicable because of receiver type mismatch: 
                                public fun Configuration.exclude(group: String? = ..., module: String? = ...): Configuration defined in org.gradle.kotlin.dsl

  Line 110:                 exclude("fe/linksheet/activity/bottomsheet/**")
                            ^ Unresolved reference. None of the following candidates is applicable because of receiver type mismatch: 
                                public fun Configuration.exclude(group: String? = ..., module: String? = ...): Configuration defined in org.gradle.kotlin.dsl

  Line 111:                 exclude("fe/linksheet/activity/bottomsheet/**")
                            ^ Unresolved reference. None of the following candidates is applicable because of receiver type mismatch: 
                                public fun Configuration.exclude(group: String? = ..., module: String? = ...): Configuration defined in org.gradle.kotlin.dsl

  Line 112:                 exclude("fe/linksheet/experiment/**")
                            ^ Unresolved reference. None of the following candidates is applicable because of receiver type mismatch: 
                                public fun Configuration.exclude(group: String? = ..., module: String? = ...): Configuration defined in org.gradle.kotlin.dsl

  Line 113:                 exclude("fe/linksheet/debug/**")
                            ^ Unresolved reference. None of the following candidates is applicable because of receiver type mismatch: 
                                public fun Configuration.exclude(group: String? = ..., module: String? = ...): Configuration defined in org.gradle.kotlin.dsl

  Line 116:     }
                 ^ Expecting '}'

17 errors

* Try:
> Run with --debug option to get more log output.
> Run with --scan to get full insights.
> Get more help at https://help.gradle.org.

* Exception is:
ScriptCompilationException(scriptCompilationErrors=[ScriptCompilationError(message=Expecting '}', location=C:\Users\Diganta1\.gradle\.tmp\gradle-kotlin-dsl-17168089783334912855.tmp\build.gradle.kts (116:6)), ScriptCompilationError(message=Unresolved reference. None of the following candidates is applicable because of receiver type mismatch: 
public fun Configuration.exclude(group: String? = ..., module: String? = ...): Configuration defined in org.gradle.kotlin.dsl, location=C:\Users\Diganta1\.gradle\.tmp\gradle-kotlin-dsl-17168089783334912855.tmp\build.gradle.kts (98:17)), ScriptCompilationError(message=Unresolved reference. None of the following candidates is applicable because of receiver type mismatch: 
public fun Configuration.exclude(group: String? = ..., module: String? = ...): Configuration defined in org.gradle.kotlin.dsl, location=C:\Users\Diganta1\.gradle\.tmp\gradle-kotlin-dsl-17168089783334912855.tmp\build.gradle.kts (99:17)), ScriptCompilationError(message=Unresolved reference. None of the following candidates is applicable because of receiver type mismatch: 
public fun Configuration.exclude(group: String? = ..., module: String? = ...): Configuration defined in org.gradle.kotlin.dsl, location=C:\Users\Diganta1\.gradle\.tmp\gradle-kotlin-dsl-17168089783334912855.tmp\build.gradle.kts (100:17)), ScriptCompilationError(message=Unresolved reference. None of the following candidates is applicable because of receiver type mismatch: 
public fun Configuration.exclude(group: String? = ..., module: String? = ...): Configuration defined in org.gradle.kotlin.dsl, location=C:\Users\Diganta1\.gradle\.tmp\gradle-kotlin-dsl-17168089783334912855.tmp\build.gradle.kts (101:17)), ScriptCompilationError(message=Unresolved reference. None of the following candidates is applicable because of receiver type mismatch: 
public fun Configuration.exclude(group: String? = ..., module: String? = ...): Configuration defined in org.gradle.kotlin.dsl, location=C:\Users\Diganta1\.gradle\.tmp\gradle-kotlin-dsl-17168089783334912855.tmp\build.gradle.kts (102:17)), ScriptCompilationError(message=Unresolved reference. None of the following candidates is applicable because of receiver type mismatch: 
public fun Configuration.exclude(group: String? = ..., module: String? = ...): Configuration defined in org.gradle.kotlin.dsl, location=C:\Users\Diganta1\.gradle\.tmp\gradle-kotlin-dsl-17168089783334912855.tmp\build.gradle.kts (103:17)), ScriptCompilationError(message=Unresolved reference. None of the following candidates is applicable because of receiver type mismatch: 
public fun Configuration.exclude(group: String? = ..., module: String? = ...): Configuration defined in org.gradle.kotlin.dsl, location=C:\Users\Diganta1\.gradle\.tmp\gradle-kotlin-dsl-17168089783334912855.tmp\build.gradle.kts (104:17)), ScriptCompilationError(message=Unresolved reference. None of the following candidates is applicable because of receiver type mismatch: 
public fun Configuration.exclude(group: String? = ..., module: String? = ...): Configuration defined in org.gradle.kotlin.dsl, location=C:\Users\Diganta1\.gradle\.tmp\gradle-kotlin-dsl-17168089783334912855.tmp\build.gradle.kts (105:17)), ScriptCompilationError(message=Unresolved reference. None of the following candidates is applicable because of receiver type mismatch: 
public fun Configuration.exclude(group: String? = ..., module: String? = ...): Configuration defined in org.gradle.kotlin.dsl, location=C:\Users\Diganta1\.gradle\.tmp\gradle-kotlin-dsl-17168089783334912855.tmp\build.gradle.kts (106:17)), ScriptCompilationError(message=Unresolved reference. None of the following candidates is applicable because of receiver type mismatch: 
public fun Configuration.exclude(group: String? = ..., module: String? = ...): Configuration defined in org.gradle.kotlin.dsl, location=C:\Users\Diganta1\.gradle\.tmp\gradle-kotlin-dsl-17168089783334912855.tmp\build.gradle.kts (107:17)), ScriptCompilationError(message=Unresolved reference. None of the following candidates is applicable because of receiver type mismatch: 
public fun Configuration.exclude(group: String? = ..., module: String? = ...): Configuration defined in org.gradle.kotlin.dsl, location=C:\Users\Diganta1\.gradle\.tmp\gradle-kotlin-dsl-17168089783334912855.tmp\build.gradle.kts (108:17)), ScriptCompilationError(message=Unresolved reference. None of the following candidates is applicable because of receiver type mismatch: 
public fun Configuration.exclude(group: String? = ..., module: String? = ...): Configuration defined in org.gradle.kotlin.dsl, location=C:\Users\Diganta1\.gradle\.tmp\gradle-kotlin-dsl-17168089783334912855.tmp\build.gradle.kts (109:17)), ScriptCompilationError(message=Unresolved reference. None of the following candidates is applicable because of receiver type mismatch: 
public fun Configuration.exclude(group: String? = ..., module: String? = ...): Configuration defined in org.gradle.kotlin.dsl, location=C:\Users\Diganta1\.gradle\.tmp\gradle-kotlin-dsl-17168089783334912855.tmp\build.gradle.kts (110:17)), ScriptCompilationError(message=Unresolved reference. None of the following candidates is applicable because of receiver type mismatch: 
public fun Configuration.exclude(group: String? = ..., module: String? = ...): Configuration defined in org.gradle.kotlin.dsl, location=C:\Users\Diganta1\.gradle\.tmp\gradle-kotlin-dsl-17168089783334912855.tmp\build.gradle.kts (111:17)), ScriptCompilationError(message=Unresolved reference. None of the following candidates is applicable because of receiver type mismatch: 
public fun Configuration.exclude(group: String? = ..., module: String? = ...): Configuration defined in org.gradle.kotlin.dsl, location=C:\Users\Diganta1\.gradle\.tmp\gradle-kotlin-dsl-17168089783334912855.tmp\build.gradle.kts (112:17)), ScriptCompilationError(message=Unresolved reference. None of the following candidates is applicable because of receiver type mismatch: 
public fun Configuration.exclude(group: String? = ..., module: String? = ...): Configuration defined in org.gradle.kotlin.dsl, location=C:\Users\Diganta1\.gradle\.tmp\gradle-kotlin-dsl-17168089783334912855.tmp\build.gradle.kts (113:17))])
	at org.gradle.kotlin.dsl.support.KotlinCompilerKt.compileKotlinScriptModuleTo(KotlinCompiler.kt:190)
	at org.gradle.kotlin.dsl.support.KotlinCompilerKt.compileKotlinScriptToDirectory(KotlinCompiler.kt:148)
	at org.gradle.kotlin.dsl.execution.ResidualProgramCompiler$compileScript$1.invoke(ResidualProgramCompiler.kt:713)
	at org.gradle.kotlin.dsl.execution.ResidualProgramCompiler$compileScript$1.invoke(ResidualProgramCompiler.kt:712)
	at org.gradle.kotlin.dsl.provider.StandardKotlinScriptEvaluator$InterpreterHost$runCompileBuildOperation$1.call(KotlinScriptEvaluator.kt:206)
	at org.gradle.kotlin.dsl.provider.StandardKotlinScriptEvaluator$InterpreterHost$runCompileBuildOperation$1.call(KotlinScriptEvaluator.kt:203)
	at org.gradle.internal.operations.DefaultBuildOperationRunner$CallableBuildOperationWorker.execute(DefaultBuildOperationRunner.java:209)
	at org.gradle.internal.operations.DefaultBuildOperationRunner$CallableBuildOperationWorker.execute(DefaultBuildOperationRunner.java:204)
	at org.gradle.internal.operations.DefaultBuildOperationRunner$2.execute(DefaultBuildOperationRunner.java:66)
	at org.gradle.internal.operations.DefaultBuildOperationRunner$2.execute(DefaultBuildOperationRunner.java:59)
	at org.gradle.internal.operations.DefaultBuildOperationRunner.execute(DefaultBuildOperationRunner.java:166)
	at org.gradle.internal.operations.DefaultBuildOperationRunner.execute(DefaultBuildOperationRunner.java:59)
	at org.gradle.internal.operations.DefaultBuildOperationRunner.call(DefaultBuildOperationRunner.java:53)
	at org.gradle.kotlin.dsl.provider.StandardKotlinScriptEvaluator$InterpreterHost.runCompileBuildOperation(KotlinScriptEvaluator.kt:203)
	at org.gradle.kotlin.dsl.execution.Interpreter$ProgramHost$compileSecondStageOf$cacheDir$1$1$1$1$1.invoke(Interpreter.kt:492)
	at org.gradle.kotlin.dsl.execution.Interpreter$ProgramHost$compileSecondStageOf$cacheDir$1$1$1$1$1.invoke(Interpreter.kt:492)
	at org.gradle.kotlin.dsl.execution.ResidualProgramCompiler.compileScript-C5AE47M(ResidualProgramCompiler.kt:712)
	at org.gradle.kotlin.dsl.execution.ResidualProgramCompiler.compileScript-C5AE47M$default(ResidualProgramCompiler.kt:705)
	at org.gradle.kotlin.dsl.execution.ResidualProgramCompiler.emitStage2ProgramFor(ResidualProgramCompiler.kt:364)
	at org.gradle.kotlin.dsl.execution.Interpreter$ProgramHost$compileSecondStageOf$cacheDir$1.invoke(Interpreter.kt:493)
	at org.gradle.kotlin.dsl.execution.Interpreter$ProgramHost$compileSecondStageOf$cacheDir$1.invoke(Interpreter.kt:469)
	at org.gradle.kotlin.dsl.provider.StandardKotlinScriptEvaluator$KotlinScriptCompilationAndInstrumentation.compile(KotlinScriptEvaluator.kt:437)
	at org.gradle.internal.scripts.BuildScriptCompilationAndInstrumentation.execute(BuildScriptCompilationAndInstrumentation.java:136)
	at org.gradle.internal.execution.steps.ExecuteStep.executeInternal(ExecuteStep.java:105)
	at org.gradle.internal.execution.steps.ExecuteStep.access$000(ExecuteStep.java:44)
	at org.gradle.internal.execution.steps.ExecuteStep$1.call(ExecuteStep.java:59)
	at org.gradle.internal.execution.steps.ExecuteStep$1.call(ExecuteStep.java:56)
	at org.gradle.internal.operations.DefaultBuildOperationRunner$CallableBuildOperationWorker.execute(DefaultBuildOperationRunner.java:209)
	at org.gradle.internal.operations.DefaultBuildOperationRunner$CallableBuildOperationWorker.execute(DefaultBuildOperationRunner.java:204)
	at org.gradle.internal.operations.DefaultBuildOperationRunner$2.execute(DefaultBuildOperationRunner.java:66)
	at org.gradle.internal.operations.DefaultBuildOperationRunner$2.execute(DefaultBuildOperationRunner.java:59)
	at org.gradle.internal.operations.DefaultBuildOperationRunner.execute(DefaultBuildOperationRunner.java:166)
	at org.gradle.internal.operations.DefaultBuildOperationRunner.execute(DefaultBuildOperationRunner.java:59)
	at org.gradle.internal.operations.DefaultBuildOperationRunner.call(DefaultBuildOperationRunner.java:53)
	at org.gradle.internal.execution.steps.ExecuteStep.execute(ExecuteStep.java:56)
	at org.gradle.internal.execution.steps.ExecuteStep.execute(ExecuteStep.java:44)
	at org.gradle.internal.execution.steps.CancelExecutionStep.execute(CancelExecutionStep.java:42)
	at org.gradle.internal.execution.steps.TimeoutStep.executeWithoutTimeout(TimeoutStep.java:75)
	at org.gradle.internal.execution.steps.TimeoutStep.execute(TimeoutStep.java:55)
	at org.gradle.internal.execution.steps.PreCreateOutputParentsStep.execute(PreCreateOutputParentsStep.java:50)
	at org.gradle.internal.execution.steps.PreCreateOutputParentsStep.execute(PreCreateOutputParentsStep.java:28)
	at org.gradle.internal.execution.steps.BroadcastChangingOutputsStep.execute(BroadcastChangingOutputsStep.java:61)
	at org.gradle.internal.execution.steps.BroadcastChangingOutputsStep.execute(BroadcastChangingOutputsStep.java:26)
	at org.gradle.internal.execution.steps.NoInputChangesStep.execute(NoInputChangesStep.java:30)
	at org.gradle.internal.execution.steps.NoInputChangesStep.execute(NoInputChangesStep.java:21)
	at org.gradle.internal.execution.steps.CaptureOutputsAfterExecutionStep.execute(CaptureOutputsAfterExecutionStep.java:69)
	at org.gradle.internal.execution.steps.CaptureOutputsAfterExecutionStep.execute(CaptureOutputsAfterExecutionStep.java:46)
	at org.gradle.internal.execution.steps.BuildCacheStep.executeWithoutCache(BuildCacheStep.java:189)
	at org.gradle.internal.execution.steps.BuildCacheStep.executeAndStoreInCache(BuildCacheStep.java:145)
	at org.gradle.internal.execution.steps.BuildCacheStep.lambda$executeWithCache$4(BuildCacheStep.java:101)
	at org.gradle.internal.execution.steps.BuildCacheStep.lambda$executeWithCache$5(BuildCacheStep.java:101)
	at org.gradle.internal.Try$Success.map(Try.java:175)
	at org.gradle.internal.execution.steps.BuildCacheStep.executeWithCache(BuildCacheStep.java:85)
	at org.gradle.internal.execution.steps.BuildCacheStep.lambda$execute$0(BuildCacheStep.java:74)
	at org.gradle.internal.Either$Left.fold(Either.java:115)
	at org.gradle.internal.execution.caching.CachingState.fold(CachingState.java:62)
	at org.gradle.internal.execution.steps.BuildCacheStep.execute(BuildCacheStep.java:73)
	at org.gradle.internal.execution.steps.BuildCacheStep.execute(BuildCacheStep.java:48)
	at org.gradle.internal.execution.steps.NeverUpToDateStep.execute(NeverUpToDateStep.java:34)
	at org.gradle.internal.execution.steps.NeverUpToDateStep.execute(NeverUpToDateStep.java:22)
	at org.gradle.internal.execution.steps.legacy.MarkSnapshottingInputsFinishedStep.execute(MarkSnapshottingInputsFinishedStep.java:37)
	at org.gradle.internal.execution.steps.legacy.MarkSnapshottingInputsFinishedStep.execute(MarkSnapshottingInputsFinishedStep.java:27)
	at org.gradle.internal.execution.steps.ResolveNonIncrementalCachingStateStep.executeDelegate(ResolveNonIncrementalCachingStateStep.java:50)
	at org.gradle.internal.execution.steps.AbstractResolveCachingStateStep.execute(AbstractResolveCachingStateStep.java:71)
	at org.gradle.internal.execution.steps.AbstractResolveCachingStateStep.execute(AbstractResolveCachingStateStep.java:39)
	at org.gradle.internal.execution.steps.ValidateStep.execute(ValidateStep.java:107)
	at org.gradle.internal.execution.steps.ValidateStep.execute(ValidateStep.java:56)
	at org.gradle.internal.execution.steps.AbstractCaptureStateBeforeExecutionStep.execute(AbstractCaptureStateBeforeExecutionStep.java:64)
	at org.gradle.internal.execution.steps.AbstractCaptureStateBeforeExecutionStep.execute(AbstractCaptureStateBeforeExecutionStep.java:43)
	at org.gradle.internal.execution.steps.legacy.MarkSnapshottingInputsStartedStep.execute(MarkSnapshottingInputsStartedStep.java:38)
	at org.gradle.internal.execution.steps.AssignImmutableWorkspaceStep.lambda$executeInTemporaryWorkspace$3(AssignImmutableWorkspaceStep.java:209)
	at org.gradle.internal.execution.workspace.impl.CacheBasedImmutableWorkspaceProvider$1.withTemporaryWorkspace(CacheBasedImmutableWorkspaceProvider.java:116)
	at org.gradle.internal.execution.steps.AssignImmutableWorkspaceStep.executeInTemporaryWorkspace(AssignImmutableWorkspaceStep.java:199)
	at org.gradle.internal.execution.steps.AssignImmutableWorkspaceStep.lambda$execute$0(AssignImmutableWorkspaceStep.java:121)
	at org.gradle.internal.execution.steps.AssignImmutableWorkspaceStep.execute(AssignImmutableWorkspaceStep.java:121)
	at org.gradle.internal.execution.steps.AssignImmutableWorkspaceStep.execute(AssignImmutableWorkspaceStep.java:90)
	at org.gradle.internal.execution.steps.ChoosePipelineStep.execute(ChoosePipelineStep.java:38)
	at org.gradle.internal.execution.steps.ChoosePipelineStep.execute(ChoosePipelineStep.java:23)
	at org.gradle.internal.execution.steps.ExecuteWorkBuildOperationFiringStep.lambda$execute$2(ExecuteWorkBuildOperationFiringStep.java:67)
	at org.gradle.internal.execution.steps.ExecuteWorkBuildOperationFiringStep.execute(ExecuteWorkBuildOperationFiringStep.java:67)
	at org.gradle.internal.execution.steps.ExecuteWorkBuildOperationFiringStep.execute(ExecuteWorkBuildOperationFiringStep.java:39)
	at org.gradle.internal.execution.steps.IdentityCacheStep.execute(IdentityCacheStep.java:46)
	at org.gradle.internal.execution.steps.IdentityCacheStep.execute(IdentityCacheStep.java:34)
	at org.gradle.internal.execution.steps.IdentifyStep.execute(IdentifyStep.java:48)
	at org.gradle.internal.execution.steps.IdentifyStep.execute(IdentifyStep.java:35)
	at org.gradle.internal.execution.impl.DefaultExecutionEngine$1.execute(DefaultExecutionEngine.java:61)
	at org.gradle.kotlin.dsl.provider.StandardKotlinScriptEvaluator$InterpreterHost.cachedDirFor(KotlinScriptEvaluator.kt:301)
	at org.gradle.kotlin.dsl.execution.Interpreter$ProgramHost.compileSecondStageOf(Interpreter.kt:469)
	at Program.loadSecondStageFor(Unknown Source)
	at org.gradle.kotlin.dsl.execution.Interpreter$ProgramHost.evaluateSecondStageOf(Interpreter.kt:433)
	at Program.execute(Unknown Source)
	at org.gradle.kotlin.dsl.execution.Interpreter$ProgramHost.eval(Interpreter.kt:516)
	at org.gradle.kotlin.dsl.execution.Interpreter.eval(Interpreter.kt:214)
	at org.gradle.kotlin.dsl.provider.StandardKotlinScriptEvaluator.evaluate(KotlinScriptEvaluator.kt:130)
	at org.gradle.kotlin.dsl.provider.KotlinScriptPluginFactory$create$1.invoke(KotlinScriptPluginFactory.kt:46)
	at org.gradle.kotlin.dsl.provider.KotlinScriptPluginFactory$create$1.invoke(KotlinScriptPluginFactory.kt:43)
	at org.gradle.kotlin.dsl.provider.KotlinScriptPlugin.apply(KotlinScriptPlugin.kt:35)
	at org.gradle.configuration.BuildOperationScriptPlugin$1.run(BuildOperationScriptPlugin.java:68)
	at org.gradle.internal.operations.DefaultBuildOperationRunner$1.execute(DefaultBuildOperationRunner.java:29)
	at org.gradle.internal.operations.DefaultBuildOperationRunner$1.execute(DefaultBuildOperationRunner.java:26)
	at org.gradle.internal.operations.DefaultBuildOperationRunner$2.execute(DefaultBuildOperationRunner.java:66)
	at org.gradle.internal.operations.DefaultBuildOperationRunner$2.execute(DefaultBuildOperationRunner.java:59)
	at org.gradle.internal.operations.DefaultBuildOperationRunner.execute(DefaultBuildOperationRunner.java:166)
	at org.gradle.internal.operations.DefaultBuildOperationRunner.execute(DefaultBuildOperationRunner.java:59)
	at org.gradle.internal.operations.DefaultBuildOperationRunner.run(DefaultBuildOperationRunner.java:47)
	at org.gradle.configuration.BuildOperationScriptPlugin.lambda$apply$0(BuildOperationScriptPlugin.java:65)
	at org.gradle.internal.code.DefaultUserCodeApplicationContext.apply(DefaultUserCodeApplicationContext.java:44)
	at org.gradle.configuration.BuildOperationScriptPlugin.apply(BuildOperationScriptPlugin.java:65)
	at org.gradle.api.internal.project.DefaultProjectStateRegistry$ProjectStateImpl.lambda$applyToMutableState$1(DefaultProjectStateRegistry.java:411)
	at org.gradle.api.internal.project.DefaultProjectStateRegistry$ProjectStateImpl.fromMutableState(DefaultProjectStateRegistry.java:429)
	at org.gradle.api.internal.project.DefaultProjectStateRegistry$ProjectStateImpl.applyToMutableState(DefaultProjectStateRegistry.java:410)
	at org.gradle.configuration.project.BuildScriptProcessor.execute(BuildScriptProcessor.java:46)
	at org.gradle.configuration.project.BuildScriptProcessor.execute(BuildScriptProcessor.java:27)
	at org.gradle.configuration.project.ConfigureActionsProjectEvaluator.evaluate(ConfigureActionsProjectEvaluator.java:35)
	at org.gradle.configuration.project.LifecycleProjectEvaluator$EvaluateProject.lambda$run$0(LifecycleProjectEvaluator.java:109)
	at org.gradle.api.internal.project.DefaultProjectStateRegistry$ProjectStateImpl.lambda$applyToMutableState$1(DefaultProjectStateRegistry.java:411)
	at org.gradle.api.internal.project.DefaultProjectStateRegistry$ProjectStateImpl.lambda$fromMutableState$2(DefaultProjectStateRegistry.java:434)
	at org.gradle.internal.work.DefaultWorkerLeaseService.withReplacedLocks(DefaultWorkerLeaseService.java:359)
	at org.gradle.api.internal.project.DefaultProjectStateRegistry$ProjectStateImpl.fromMutableState(DefaultProjectStateRegistry.java:434)
	at org.gradle.api.internal.project.DefaultProjectStateRegistry$ProjectStateImpl.applyToMutableState(DefaultProjectStateRegistry.java:410)
	at org.gradle.configuration.project.LifecycleProjectEvaluator$EvaluateProject.run(LifecycleProjectEvaluator.java:100)
	at org.gradle.internal.operations.DefaultBuildOperationRunner$1.execute(DefaultBuildOperationRunner.java:29)
	at org.gradle.internal.operations.DefaultBuildOperationRunner$1.execute(DefaultBuildOperationRunner.java:26)
	at org.gradle.internal.operations.DefaultBuildOperationRunner$2.execute(DefaultBuildOperationRunner.java:66)
	at org.gradle.internal.operations.DefaultBuildOperationRunner$2.execute(DefaultBuildOperationRunner.java:59)
	at org.gradle.internal.operations.DefaultBuildOperationRunner.execute(DefaultBuildOperationRunner.java:166)
	at org.gradle.internal.operations.DefaultBuildOperationRunner.execute(DefaultBuildOperationRunner.java:59)
	at org.gradle.internal.operations.DefaultBuildOperationRunner.run(DefaultBuildOperationRunner.java:47)
	at org.gradle.configuration.project.LifecycleProjectEvaluator.evaluate(LifecycleProjectEvaluator.java:72)
	at org.gradle.api.internal.project.DefaultProject.evaluateUnchecked(DefaultProject.java:825)
	at org.gradle.api.internal.project.ProjectLifecycleController.lambda$ensureSelfConfigured$2(ProjectLifecycleController.java:85)
	at org.gradle.internal.model.StateTransitionController.lambda$doTransition$14(StateTransitionController.java:255)
	at org.gradle.internal.model.StateTransitionController.doTransition(StateTransitionController.java:266)
	at org.gradle.internal.model.StateTransitionController.doTransition(StateTransitionController.java:254)
	at org.gradle.internal.model.StateTransitionController.lambda$maybeTransitionIfNotCurrentlyTransitioning$10(StateTransitionController.java:199)
	at org.gradle.internal.work.DefaultSynchronizer.withLock(DefaultSynchronizer.java:36)
	at org.gradle.internal.model.StateTransitionController.maybeTransitionIfNotCurrentlyTransitioning(StateTransitionController.java:195)
	at org.gradle.api.internal.project.ProjectLifecycleController.ensureSelfConfigured(ProjectLifecycleController.java:85)
	at org.gradle.api.internal.project.DefaultProjectStateRegistry$ProjectStateImpl.ensureConfigured(DefaultProjectStateRegistry.java:385)
	at org.gradle.execution.TaskPathProjectEvaluator.configure(TaskPathProjectEvaluator.java:42)
	at org.gradle.execution.TaskPathProjectEvaluator.configureHierarchy(TaskPathProjectEvaluator.java:58)
	at org.gradle.configuration.DefaultProjectsPreparer.prepareProjects(DefaultProjectsPreparer.java:50)
	at org.gradle.configuration.BuildTreePreparingProjectsPreparer.prepareProjects(BuildTreePreparingProjectsPreparer.java:65)
	at org.gradle.configuration.BuildOperationFiringProjectsPreparer$ConfigureBuild.run(BuildOperationFiringProjectsPreparer.java:52)
	at org.gradle.internal.operations.DefaultBuildOperationRunner$1.execute(DefaultBuildOperationRunner.java:29)
	at org.gradle.internal.operations.DefaultBuildOperationRunner$1.execute(DefaultBuildOperationRunner.java:26)
	at org.gradle.internal.operations.DefaultBuildOperationRunner$2.execute(DefaultBuildOperationRunner.java:66)
	at org.gradle.internal.operations.DefaultBuildOperationRunner$2.execute(DefaultBuildOperationRunner.java:59)
	at org.gradle.internal.operations.DefaultBuildOperationRunner.execute(DefaultBuildOperationRunner.java:166)
	at org.gradle.internal.operations.DefaultBuildOperationRunner.execute(DefaultBuildOperationRunner.java:59)
	at org.gradle.internal.operations.DefaultBuildOperationRunner.run(DefaultBuildOperationRunner.java:47)
	at org.gradle.configuration.BuildOperationFiringProjectsPreparer.prepareProjects(BuildOperationFiringProjectsPreparer.java:40)
	at org.gradle.initialization.VintageBuildModelController.lambda$prepareProjects$2(VintageBuildModelController.java:84)
	at org.gradle.internal.model.StateTransitionController.lambda$doTransition$14(StateTransitionController.java:255)
	at org.gradle.internal.model.StateTransitionController.doTransition(StateTransitionController.java:266)
	at org.gradle.internal.model.StateTransitionController.doTransition(StateTransitionController.java:254)
	at org.gradle.internal.model.StateTransitionController.lambda$transitionIfNotPreviously$11(StateTransitionController.java:213)
	at org.gradle.internal.work.DefaultSynchronizer.withLock(DefaultSynchronizer.java:36)
	at org.gradle.internal.model.StateTransitionController.transitionIfNotPreviously(StateTransitionController.java:209)
	at org.gradle.initialization.VintageBuildModelController.prepareProjects(VintageBuildModelController.java:84)
	at org.gradle.initialization.VintageBuildModelController.prepareToScheduleTasks(VintageBuildModelController.java:71)
	at org.gradle.internal.build.DefaultBuildLifecycleController.lambda$prepareToScheduleTasks$6(DefaultBuildLifecycleController.java:175)
	at org.gradle.internal.model.StateTransitionController.lambda$doTransition$14(StateTransitionController.java:255)
	at org.gradle.internal.model.StateTransitionController.doTransition(StateTransitionController.java:266)
	at org.gradle.internal.model.StateTransitionController.doTransition(StateTransitionController.java:254)
	at org.gradle.internal.model.StateTransitionController.lambda$maybeTransition$9(StateTransitionController.java:190)
	at org.gradle.internal.work.DefaultSynchronizer.withLock(DefaultSynchronizer.java:36)
	at org.gradle.internal.model.StateTransitionController.maybeTransition(StateTransitionController.java:186)
	at org.gradle.internal.build.DefaultBuildLifecycleController.prepareToScheduleTasks(DefaultBuildLifecycleController.java:173)
	at org.gradle.internal.buildtree.DefaultBuildTreeWorkPreparer.scheduleRequestedTasks(DefaultBuildTreeWorkPreparer.java:36)
	at org.gradle.internal.cc.impl.VintageBuildTreeWorkController$scheduleAndRunRequestedTasks$1.apply(VintageBuildTreeWorkController.kt:36)
	at org.gradle.internal.cc.impl.VintageBuildTreeWorkController$scheduleAndRunRequestedTasks$1.apply(VintageBuildTreeWorkController.kt:35)
	at org.gradle.composite.internal.DefaultIncludedBuildTaskGraph.withNewWorkGraph(DefaultIncludedBuildTaskGraph.java:112)
	at org.gradle.internal.cc.impl.VintageBuildTreeWorkController.scheduleAndRunRequestedTasks(VintageBuildTreeWorkController.kt:35)
	at org.gradle.internal.buildtree.DefaultBuildTreeLifecycleController.lambda$scheduleAndRunTasks$1(DefaultBuildTreeLifecycleController.java:77)
	at org.gradle.internal.buildtree.DefaultBuildTreeLifecycleController.lambda$runBuild$4(DefaultBuildTreeLifecycleController.java:120)
	at org.gradle.internal.model.StateTransitionController.lambda$transition$6(StateTransitionController.java:169)
	at org.gradle.internal.model.StateTransitionController.doTransition(StateTransitionController.java:266)
	at org.gradle.internal.model.StateTransitionController.lambda$transition$7(StateTransitionController.java:169)
	at org.gradle.internal.work.DefaultSynchronizer.withLock(DefaultSynchronizer.java:46)
	at org.gradle.internal.model.StateTransitionController.transition(StateTransitionController.java:169)
	at org.gradle.internal.buildtree.DefaultBuildTreeLifecycleController.runBuild(DefaultBuildTreeLifecycleController.java:117)
	at org.gradle.internal.buildtree.DefaultBuildTreeLifecycleController.scheduleAndRunTasks(DefaultBuildTreeLifecycleController.java:77)
	at org.gradle.internal.buildtree.DefaultBuildTreeLifecycleController.scheduleAndRunTasks(DefaultBuildTreeLifecycleController.java:72)
	at org.gradle.tooling.internal.provider.ExecuteBuildActionRunner.run(ExecuteBuildActionRunner.java:31)
	at org.gradle.launcher.exec.ChainingBuildActionRunner.run(ChainingBuildActionRunner.java:35)
	at org.gradle.internal.buildtree.ProblemReportingBuildActionRunner.run(ProblemReportingBuildActionRunner.java:49)
	at org.gradle.launcher.exec.BuildOutcomeReportingBuildActionRunner.run(BuildOutcomeReportingBuildActionRunner.java:66)
	at org.gradle.tooling.internal.provider.FileSystemWatchingBuildActionRunner.run(FileSystemWatchingBuildActionRunner.java:140)
	at org.gradle.launcher.exec.BuildCompletionNotifyingBuildActionRunner.run(BuildCompletionNotifyingBuildActionRunner.java:41)
	at org.gradle.launcher.exec.RootBuildLifecycleBuildActionExecutor.lambda$execute$0(RootBuildLifecycleBuildActionExecutor.java:54)
	at org.gradle.composite.internal.DefaultRootBuildState.run(DefaultRootBuildState.java:130)
	at org.gradle.launcher.exec.RootBuildLifecycleBuildActionExecutor.execute(RootBuildLifecycleBuildActionExecutor.java:54)
	at org.gradle.internal.buildtree.InitDeprecationLoggingActionExecutor.execute(InitDeprecationLoggingActionExecutor.java:62)
	at org.gradle.internal.buildtree.InitProblems.execute(InitProblems.java:36)
	at org.gradle.internal.buildtree.DefaultBuildTreeContext.execute(DefaultBuildTreeContext.java:40)
	at org.gradle.launcher.exec.BuildTreeLifecycleBuildActionExecutor.lambda$execute$0(BuildTreeLifecycleBuildActionExecutor.java:71)
	at org.gradle.internal.buildtree.BuildTreeState.run(BuildTreeState.java:60)
	at org.gradle.launcher.exec.BuildTreeLifecycleBuildActionExecutor.execute(BuildTreeLifecycleBuildActionExecutor.java:71)
	at org.gradle.launcher.exec.RunAsBuildOperationBuildActionExecutor$3.call(RunAsBuildOperationBuildActionExecutor.java:61)
	at org.gradle.launcher.exec.RunAsBuildOperationBuildActionExecutor$3.call(RunAsBuildOperationBuildActionExecutor.java:57)
	at org.gradle.internal.operations.DefaultBuildOperationRunner$CallableBuildOperationWorker.execute(DefaultBuildOperationRunner.java:209)
	at org.gradle.internal.operations.DefaultBuildOperationRunner$CallableBuildOperationWorker.execute(DefaultBuildOperationRunner.java:204)
	at org.gradle.internal.operations.DefaultBuildOperationRunner$2.execute(DefaultBuildOperationRunner.java:66)
	at org.gradle.internal.operations.DefaultBuildOperationRunner$2.execute(DefaultBuildOperationRunner.java:59)
	at org.gradle.internal.operations.DefaultBuildOperationRunner.execute(DefaultBuildOperationRunner.java:166)
	at org.gradle.internal.operations.DefaultBuildOperationRunner.execute(DefaultBuildOperationRunner.java:59)
	at org.gradle.internal.operations.DefaultBuildOperationRunner.call(DefaultBuildOperationRunner.java:53)
	at org.gradle.launcher.exec.RunAsBuildOperationBuildActionExecutor.execute(RunAsBuildOperationBuildActionExecutor.java:57)
	at org.gradle.launcher.exec.RunAsWorkerThreadBuildActionExecutor.lambda$execute$0(RunAsWorkerThreadBuildActionExecutor.java:36)
	at org.gradle.internal.work.DefaultWorkerLeaseService.withLocks(DefaultWorkerLeaseService.java:263)
	at org.gradle.internal.work.DefaultWorkerLeaseService.runAsWorkerThread(DefaultWorkerLeaseService.java:127)
	at org.gradle.launcher.exec.RunAsWorkerThreadBuildActionExecutor.execute(RunAsWorkerThreadBuildActionExecutor.java:36)
	at org.gradle.tooling.internal.provider.continuous.ContinuousBuildActionExecutor.execute(ContinuousBuildActionExecutor.java:110)
	at org.gradle.tooling.internal.provider.SubscribableBuildActionExecutor.execute(SubscribableBuildActionExecutor.java:64)
	at org.gradle.internal.session.DefaultBuildSessionContext.execute(DefaultBuildSessionContext.java:46)
	at org.gradle.internal.buildprocess.execution.BuildSessionLifecycleBuildActionExecutor$ActionImpl.apply(BuildSessionLifecycleBuildActionExecutor.java:92)
	at org.gradle.internal.buildprocess.execution.BuildSessionLifecycleBuildActionExecutor$ActionImpl.apply(BuildSessionLifecycleBuildActionExecutor.java:80)
	at org.gradle.internal.session.BuildSessionState.run(BuildSessionState.java:71)
	at org.gradle.internal.buildprocess.execution.BuildSessionLifecycleBuildActionExecutor.execute(BuildSessionLifecycleBuildActionExecutor.java:62)
	at org.gradle.internal.buildprocess.execution.BuildSessionLifecycleBuildActionExecutor.execute(BuildSessionLifecycleBuildActionExecutor.java:41)
	at org.gradle.internal.buildprocess.execution.StartParamsValidatingActionExecutor.execute(StartParamsValidatingActionExecutor.java:64)
	at org.gradle.internal.buildprocess.execution.StartParamsValidatingActionExecutor.execute(StartParamsValidatingActionExecutor.java:32)
	at org.gradle.internal.buildprocess.execution.SessionFailureReportingActionExecutor.execute(SessionFailureReportingActionExecutor.java:51)
	at org.gradle.internal.buildprocess.execution.SessionFailureReportingActionExecutor.execute(SessionFailureReportingActionExecutor.java:39)
	at org.gradle.internal.buildprocess.execution.SetupLoggingActionExecutor.execute(SetupLoggingActionExecutor.java:47)
	at org.gradle.internal.buildprocess.execution.SetupLoggingActionExecutor.execute(SetupLoggingActionExecutor.java:31)
	at org.gradle.launcher.daemon.server.exec.ExecuteBuild.doBuild(ExecuteBuild.java:70)
	at org.gradle.launcher.daemon.server.exec.BuildCommandOnly.execute(BuildCommandOnly.java:37)
	at org.gradle.launcher.daemon.server.api.DaemonCommandExecution.proceed(DaemonCommandExecution.java:104)
	at org.gradle.launcher.daemon.server.exec.WatchForDisconnection.execute(WatchForDisconnection.java:39)
	at org.gradle.launcher.daemon.server.api.DaemonCommandExecution.proceed(DaemonCommandExecution.java:104)
	at org.gradle.launcher.daemon.server.exec.ResetDeprecationLogger.execute(ResetDeprecationLogger.java:29)
	at org.gradle.launcher.daemon.server.api.DaemonCommandExecution.proceed(DaemonCommandExecution.java:104)
	at org.gradle.launcher.daemon.server.exec.RequestStopIfSingleUsedDaemon.execute(RequestStopIfSingleUsedDaemon.java:35)
	at org.gradle.launcher.daemon.server.api.DaemonCommandExecution.proceed(DaemonCommandExecution.java:104)
	at org.gradle.launcher.daemon.server.exec.ForwardClientInput.lambda$execute$0(ForwardClientInput.java:40)
	at org.gradle.internal.daemon.clientinput.ClientInputForwarder.forwardInput(ClientInputForwarder.java:80)
	at org.gradle.launcher.daemon.server.exec.ForwardClientInput.execute(ForwardClientInput.java:37)
	at org.gradle.launcher.daemon.server.api.DaemonCommandExecution.proceed(DaemonCommandExecution.java:104)
	at org.gradle.launcher.daemon.server.exec.LogAndCheckHealth.execute(LogAndCheckHealth.java:53)
	at org.gradle.launcher.daemon.server.api.DaemonCommandExecution.proceed(DaemonCommandExecution.java:104)
	at org.gradle.launcher.daemon.server.exec.LogToClient.doBuild(LogToClient.java:63)
	at org.gradle.launcher.daemon.server.exec.BuildCommandOnly.execute(BuildCommandOnly.java:37)
	at org.gradle.launcher.daemon.server.api.DaemonCommandExecution.proceed(DaemonCommandExecution.java:104)
	at org.gradle.launcher.daemon.server.exec.EstablishBuildEnvironment.doBuild(EstablishBuildEnvironment.java:84)
	at org.gradle.launcher.daemon.server.exec.BuildCommandOnly.execute(BuildCommandOnly.java:37)
	at org.gradle.launcher.daemon.server.api.DaemonCommandExecution.proceed(DaemonCommandExecution.java:104)
	at org.gradle.launcher.daemon.server.exec.StartBuildOrRespondWithBusy$1.run(StartBuildOrRespondWithBusy.java:52)
	at org.gradle.launcher.daemon.server.DaemonStateCoordinator.lambda$runCommand$0(DaemonStateCoordinator.java:321)
	at org.gradle.internal.concurrent.ExecutorPolicy$CatchAndRecordFailures.onExecute(ExecutorPolicy.java:64)
	at org.gradle.internal.concurrent.AbstractManagedExecutor$1.run(AbstractManagedExecutor.java:48)


BUILD FAILED in 48s
